// Jest Snapshot v1, https://goo.gl/fbAQLP

exports[`matches snapshot 1`] = `
<div>
  <button
    className="categoryButton"
    data-testid="button"
  >
    Technology
  </button>
</div>
`;
